[0m21:37:13.273474 [debug] [MainThread]: Sending event: {'category': 'dbt', 'action': 'invocation', 'label': 'start', 'context': [<snowplow_tracker.self_describing_json.SelfDescribingJson object at 0x108d28440>, <snowplow_tracker.self_describing_json.SelfDescribingJson object at 0x109bb39d0>, <snowplow_tracker.self_describing_json.SelfDescribingJson object at 0x109bb3890>]}


============================== 21:37:13.275805 | 5a163ad1-aa9c-4c8b-9a7d-e56d0d48d9d4 ==============================
[0m21:37:13.275805 [info ] [MainThread]: Running with dbt=1.11.6
[0m21:37:13.276050 [debug] [MainThread]: running dbt with arguments {'static_parser': 'True', 'invocation_command': 'dbt init', 'warn_error': 'None', 'indirect_selection': 'eager', 'partial_parse': 'True', 'introspect': 'True', 'use_experimental_parser': 'False', 'printer_width': '80', 'profiles_dir': '/Users/dannieai/.dbt', 'log_cache_events': 'False', 'write_json': 'True', 'log_path': 'logs', 'target_path': 'None', 'log_format': 'default', 'empty': 'None', 'debug': 'False', 'quiet': 'False', 'fail_fast': 'False', 'warn_error_options': 'WarnErrorOptionsV2(error=[], warn=[], silence=[])', 'cache_selected_only': 'False', 'use_colors': 'True', 'send_anonymous_usage_stats': 'True', 'version_check': 'True', 'no_print': 'None'}
[0m21:39:32.836307 [debug] [MainThread]: Starter project path: /Library/Frameworks/Python.framework/Versions/3.13/lib/python3.13/site-packages/dbt/include/starter_project
[0m21:39:32.850025 [info ] [MainThread]: 
Your new dbt project "dbx_learn_dev" was created!

For more information on how to configure the profiles.yml file,
please consult the dbt documentation here:

  https://docs.getdbt.com/docs/configure-your-profile

One more thing:

Need help? Don't hesitate to reach out to us via GitHub issues or on Slack:

  https://community.getdbt.com/

Happy modeling!

[0m21:39:32.850679 [info ] [MainThread]: Setting up your profile.
[0m21:39:38.584052 [debug] [MainThread]: Spark adapter: Setting pyhive.hive logging to ERROR
[0m21:39:38.584318 [debug] [MainThread]: Spark adapter: Setting thrift.transport logging to ERROR
[0m21:39:38.584421 [debug] [MainThread]: Spark adapter: Setting thrift.protocol logging to ERROR
[0m21:48:09.071941 [info ] [MainThread]: Profile dbx_learn_dev written to /Users/dannieai/.dbt/profiles.yml using target's profile_template.yml and your supplied values. Run 'dbt debug' to validate the connection.
[0m21:48:09.084999 [debug] [MainThread]: Resource report: {"command_name": "init", "command_success": true, "command_wall_clock_time": 655.8407, "process_in_blocks": "0", "process_kernel_time": 0.23875, "process_mem_max_rss": "227540992", "process_out_blocks": "0", "process_user_time": 0.982846}
[0m21:48:09.088532 [debug] [MainThread]: Command `dbt init` succeeded at 21:48:09.088319 after 655.84 seconds
[0m21:48:09.089618 [debug] [MainThread]: Sending event: {'category': 'dbt', 'action': 'invocation', 'label': 'end', 'context': [<snowplow_tracker.self_describing_json.SelfDescribingJson object at 0x109bcde00>, <snowplow_tracker.self_describing_json.SelfDescribingJson object at 0x10c029fd0>, <snowplow_tracker.self_describing_json.SelfDescribingJson object at 0x111b5ef10>]}
[0m21:48:09.090245 [debug] [MainThread]: Flushing usage events
[0m21:48:10.183849 [debug] [MainThread]: An error was encountered while trying to flush usage events
[0m21:48:20.387847 [debug] [MainThread]: Sending event: {'category': 'dbt', 'action': 'invocation', 'label': 'start', 'context': [<snowplow_tracker.self_describing_json.SelfDescribingJson object at 0x10ca88440>, <snowplow_tracker.self_describing_json.SelfDescribingJson object at 0x10d9139d0>, <snowplow_tracker.self_describing_json.SelfDescribingJson object at 0x10d913890>]}


============================== 21:48:20.390219 | c4a4969f-7743-4ff3-b3dc-6675688f8f3a ==============================
[0m21:48:20.390219 [info ] [MainThread]: Running with dbt=1.11.6
[0m21:48:20.390453 [debug] [MainThread]: running dbt with arguments {'warn_error_options': 'WarnErrorOptionsV2(error=[], warn=[], silence=[])', 'log_path': 'logs', 'log_cache_events': 'False', 'profiles_dir': '/Users/dannieai/.dbt', 'invocation_command': 'dbt debug', 'target_path': 'None', 'log_format': 'default', 'version_check': 'True', 'use_experimental_parser': 'False', 'write_json': 'True', 'static_parser': 'True', 'indirect_selection': 'eager', 'warn_error': 'None', 'empty': 'None', 'partial_parse': 'True', 'use_colors': 'True', 'send_anonymous_usage_stats': 'True', 'no_print': 'None', 'cache_selected_only': 'False', 'fail_fast': 'False', 'introspect': 'True', 'debug': 'False', 'quiet': 'False', 'printer_width': '80'}
[0m21:48:20.398126 [info ] [MainThread]: dbt version: 1.11.6
[0m21:48:20.398300 [info ] [MainThread]: python version: 3.13.11
[0m21:48:20.398405 [info ] [MainThread]: python path: /usr/local/bin/python3
[0m21:48:20.398494 [info ] [MainThread]: os info: macOS-26.3.1-arm64-arm-64bit-Mach-O
[0m21:48:20.765474 [debug] [MainThread]: Spark adapter: Setting pyhive.hive logging to ERROR
[0m21:48:20.765694 [debug] [MainThread]: Spark adapter: Setting thrift.transport logging to ERROR
[0m21:48:20.765800 [debug] [MainThread]: Spark adapter: Setting thrift.protocol logging to ERROR
[0m21:48:21.097798 [info ] [MainThread]: Using profiles dir at /Users/dannieai/.dbt
[0m21:48:21.098017 [info ] [MainThread]: Using profiles.yml file at /Users/dannieai/.dbt/profiles.yml
[0m21:48:21.098140 [info ] [MainThread]: Using dbt_project.yml file at /Users/dannieai/Documents/dev/dbt_project.yml
[0m21:48:21.098263 [error] [MainThread]: Encountered an error:
Internal Error
  Profile should not be None if loading profile completed
[0m21:48:21.101858 [debug] [MainThread]: Resource report: {"command_name": "debug", "command_success": false, "command_wall_clock_time": 0.74569064, "process_in_blocks": "0", "process_kernel_time": 0.166443, "process_mem_max_rss": "234782720", "process_out_blocks": "0", "process_user_time": 0.965756}
[0m21:48:21.102092 [debug] [MainThread]: Command `dbt debug` failed at 21:48:21.102058 after 0.75 seconds
[0m21:48:21.102212 [debug] [MainThread]: Sending event: {'category': 'dbt', 'action': 'invocation', 'label': 'end', 'context': [<snowplow_tracker.self_describing_json.SelfDescribingJson object at 0x11588e060>, <snowplow_tracker.self_describing_json.SelfDescribingJson object at 0x10ffa1370>, <snowplow_tracker.self_describing_json.SelfDescribingJson object at 0x11587b680>]}
[0m21:48:21.102339 [debug] [MainThread]: Flushing usage events
[0m21:48:22.018845 [debug] [MainThread]: An error was encountered while trying to flush usage events
[0m08:51:59.696039 [debug] [MainThread]: Sending event: {'category': 'dbt', 'action': 'invocation', 'label': 'start', 'context': [<snowplow_tracker.self_describing_json.SelfDescribingJson object at 0x10cd7cf20>, <snowplow_tracker.self_describing_json.SelfDescribingJson object at 0x10db0b7d0>, <snowplow_tracker.self_describing_json.SelfDescribingJson object at 0x10db0b500>]}


============================== 08:51:59.698490 | 0bc45f98-3ae5-4012-9fa9-1b92080b6c67 ==============================
[0m08:51:59.698490 [info ] [MainThread]: Running with dbt=1.11.6
[0m08:51:59.698712 [debug] [MainThread]: running dbt with arguments {'target_path': 'None', 'write_json': 'True', 'warn_error_options': 'WarnErrorOptionsV2(error=[], warn=[], silence=[])', 'introspect': 'True', 'empty': 'None', 'no_print': 'None', 'indirect_selection': 'eager', 'use_experimental_parser': 'False', 'debug': 'False', 'send_anonymous_usage_stats': 'True', 'profiles_dir': '/Users/dannieai/.dbt', 'invocation_command': 'dbt debug', 'version_check': 'True', 'quiet': 'False', 'printer_width': '80', 'static_parser': 'True', 'partial_parse': 'True', 'cache_selected_only': 'False', 'log_path': 'logs', 'warn_error': 'None', 'use_colors': 'True', 'log_format': 'default', 'fail_fast': 'False', 'log_cache_events': 'False'}
[0m08:51:59.708067 [info ] [MainThread]: dbt version: 1.11.6
[0m08:51:59.708232 [info ] [MainThread]: python version: 3.12.12
[0m08:51:59.708334 [info ] [MainThread]: python path: /Users/dannieai/Documents/dev/.venv/bin/python3
[0m08:51:59.708433 [info ] [MainThread]: os info: macOS-26.3.1-arm64-arm-64bit
[0m08:52:00.270262 [debug] [MainThread]: Spark adapter: Setting pyhive.hive logging to ERROR
[0m08:52:00.270491 [debug] [MainThread]: Spark adapter: Setting thrift.transport logging to ERROR
[0m08:52:00.270599 [debug] [MainThread]: Spark adapter: Setting thrift.protocol logging to ERROR
[0m08:52:02.046911 [info ] [MainThread]: Using profiles dir at /Users/dannieai/.dbt
[0m08:52:02.047109 [info ] [MainThread]: Using profiles.yml file at /Users/dannieai/.dbt/profiles.yml
[0m08:52:02.047218 [info ] [MainThread]: Using dbt_project.yml file at /Users/dannieai/Documents/dev/dbt_project.yml
[0m08:52:02.047310 [info ] [MainThread]: adapter type: databricks
[0m08:52:02.047394 [info ] [MainThread]: adapter version: 1.11.6
[0m08:52:02.047485 [info ] [MainThread]: Configuration:
[0m08:52:02.047568 [info ] [MainThread]:   profiles.yml file [[32mOK found and valid[0m]
[0m08:52:02.047646 [info ] [MainThread]:   dbt_project.yml file [[31mERROR not found[0m]
[0m08:52:02.047726 [info ] [MainThread]: Required dependencies:
[0m08:52:02.047837 [debug] [MainThread]: Executing "git --help"
[0m08:52:02.068860 [debug] [MainThread]: STDOUT: "b"usage: git [-v | --version] [-h | --help] [-C <path>] [-c <name>=<value>]\n           [--exec-path[=<path>]] [--html-path] [--man-path] [--info-path]\n           [-p | --paginate | -P | --no-pager] [--no-replace-objects] [--no-lazy-fetch]\n           [--no-optional-locks] [--no-advice] [--bare] [--git-dir=<path>]\n           [--work-tree=<path>] [--namespace=<name>] [--config-env=<name>=<envvar>]\n           <command> [<args>]\n\nThese are common Git commands used in various situations:\n\nstart a working area (see also: git help tutorial)\n   clone      Clone a repository into a new directory\n   init       Create an empty Git repository or reinitialize an existing one\n\nwork on the current change (see also: git help everyday)\n   add        Add file contents to the index\n   mv         Move or rename a file, a directory, or a symlink\n   restore    Restore working tree files\n   rm         Remove files from the working tree and from the index\n\nexamine the history and state (see also: git help revisions)\n   bisect     Use binary search to find the commit that introduced a bug\n   diff       Show changes between commits, commit and working tree, etc\n   grep       Print lines matching a pattern\n   log        Show commit logs\n   show       Show various types of objects\n   status     Show the working tree status\n\ngrow, mark and tweak your common history\n   backfill   Download missing objects in a partial clone\n   branch     List, create, or delete branches\n   commit     Record changes to the repository\n   merge      Join two or more development histories together\n   rebase     Reapply commits on top of another base tip\n   reset      Reset current HEAD to the specified state\n   switch     Switch branches\n   tag        Create, list, delete or verify a tag object signed with GPG\n\ncollaborate (see also: git help workflows)\n   fetch      Download objects and refs from another repository\n   pull       Fetch from and integrate with another repository or a local branch\n   push       Update remote refs along with associated objects\n\n'git help -a' and 'git help -g' list available subcommands and some\nconcept guides. See 'git help <command>' or 'git help <concept>'\nto read about a specific subcommand or concept.\nSee 'git help git' for an overview of the system.\n""
[0m08:52:02.069282 [debug] [MainThread]: STDERR: "b''"
[0m08:52:02.069416 [info ] [MainThread]:  - git [[32mOK found[0m]

[0m08:52:02.069535 [info ] [MainThread]: Connection:
[0m08:52:02.069709 [info ] [MainThread]:   host: dbc-9771f9f2-a487.cloud.databricks.com
[0m08:52:02.069800 [info ] [MainThread]:   http_path: /sql/1.0/warehouses/b073d4fba4461d01
[0m08:52:02.069885 [info ] [MainThread]:   catalog: dev_cicd
[0m08:52:02.069964 [info ] [MainThread]:   schema: default
[0m08:52:02.070246 [info ] [MainThread]: Registered adapter: databricks=1.11.6
[0m08:52:02.135403 [warn ] [MainThread]: [[33mWARNING[0m]: Use managed Iceberg tables when table_format is iceberg. When this flag is disabled, UniForm is used instead.
You may opt into the new behavior sooner by setting `flags.use_managed_iceberg` to `True` in `dbt_project.yml`.
Visit https://docs.getdbt.com/reference/global-configs/behavior-changes for more information.
[0m08:52:02.135781 [debug] [MainThread]: Sending event: {'category': 'dbt', 'action': 'BehaviorChangeEvent', 'label': '0bc45f98-3ae5-4012-9fa9-1b92080b6c67', 'context': [<snowplow_tracker.self_describing_json.SelfDescribingJson object at 0x1152a4740>]}
[0m08:52:02.136095 [debug] [MainThread]: Databricks adapter: DatabricksDBTConnection(session-id=None, name=debug) - Creating connection
[0m08:52:02.136203 [debug] [MainThread]: Acquiring new databricks connection 'debug'
[0m08:52:02.136315 [debug] [MainThread]: Using databricks connection "debug"
[0m08:52:02.136410 [debug] [MainThread]: On debug: select 1 as id
[0m08:52:02.136496 [debug] [MainThread]: Opening a new connection, currently in state init
[0m08:52:04.181077 [debug] [MainThread]: Databricks adapter: Connection(session-id=01f12c37-4067-1770-b87c-e41932d6a29a) - Created
[0m08:52:23.241003 [debug] [MainThread]: SQL status: OK in 21.100 seconds
[0m08:52:23.245925 [debug] [MainThread]: Databricks adapter: Cursor(session-id=01f12c37-4067-1770-b87c-e41932d6a29a, command-id=01f12c37-40b4-103c-8120-ba14e7b064f0) - Closing
[0m08:52:23.764361 [debug] [MainThread]: On debug: Close
[0m08:52:23.765070 [debug] [MainThread]: Databricks adapter: Connection(session-id=01f12c37-4067-1770-b87c-e41932d6a29a) - Closing
[0m08:52:24.102338 [info ] [MainThread]:   Connection test: [[32mOK connection ok[0m]

[0m08:52:24.103185 [info ] [MainThread]: [31m1 check failed:[0m
[0m08:52:24.103576 [info ] [MainThread]: Project loading failed for the following reason:
 project path </Users/dannieai/Documents/dev/dbt_project.yml> not found

[0m08:52:24.104989 [debug] [MainThread]: Resource report: {"command_name": "debug", "command_success": false, "command_wall_clock_time": 24.444515, "process_in_blocks": "0", "process_kernel_time": 0.325691, "process_mem_max_rss": "228048896", "process_out_blocks": "0", "process_user_time": 1.149921}
[0m08:52:24.105794 [debug] [MainThread]: Command `dbt debug` failed at 08:52:24.105628 after 24.45 seconds
[0m08:52:24.106533 [debug] [MainThread]: Sending event: {'category': 'dbt', 'action': 'invocation', 'label': 'end', 'context': [<snowplow_tracker.self_describing_json.SelfDescribingJson object at 0x10d963230>, <snowplow_tracker.self_describing_json.SelfDescribingJson object at 0x10d90ad20>, <snowplow_tracker.self_describing_json.SelfDescribingJson object at 0x10f0d2240>]}
[0m08:52:24.107022 [debug] [MainThread]: Flushing usage events
[0m08:52:25.694010 [debug] [MainThread]: An error was encountered while trying to flush usage events
[0m08:53:18.082310 [debug] [MainThread]: Sending event: {'category': 'dbt', 'action': 'invocation', 'label': 'start', 'context': [<snowplow_tracker.self_describing_json.SelfDescribingJson object at 0x10b11ad20>, <snowplow_tracker.self_describing_json.SelfDescribingJson object at 0x10b3ae600>, <snowplow_tracker.self_describing_json.SelfDescribingJson object at 0x10ba033b0>]}


============================== 08:53:18.084712 | aa6d0d8c-ab4f-4d85-a940-c02a3e1bfdab ==============================
[0m08:53:18.084712 [info ] [MainThread]: Running with dbt=1.11.6
[0m08:53:18.084943 [debug] [MainThread]: running dbt with arguments {'introspect': 'True', 'cache_selected_only': 'False', 'debug': 'False', 'invocation_command': 'dbt debug', 'target_path': 'None', 'static_parser': 'True', 'warn_error': 'None', 'log_path': 'logs', 'indirect_selection': 'eager', 'profiles_dir': '/Users/dannieai/.dbt', 'quiet': 'False', 'version_check': 'True', 'use_colors': 'True', 'send_anonymous_usage_stats': 'True', 'use_experimental_parser': 'False', 'log_format': 'default', 'partial_parse': 'True', 'warn_error_options': 'WarnErrorOptionsV2(error=[], warn=[], silence=[])', 'fail_fast': 'False', 'write_json': 'True', 'empty': 'None', 'no_print': 'None', 'log_cache_events': 'False', 'printer_width': '80'}
[0m08:53:18.093998 [info ] [MainThread]: dbt version: 1.11.6
[0m08:53:18.094216 [info ] [MainThread]: python version: 3.12.12
[0m08:53:18.094344 [info ] [MainThread]: python path: /Users/dannieai/Documents/dev/.venv/bin/python3
[0m08:53:18.094436 [info ] [MainThread]: os info: macOS-26.3.1-arm64-arm-64bit
[0m08:53:18.429563 [debug] [MainThread]: Spark adapter: Setting pyhive.hive logging to ERROR
[0m08:53:18.429758 [debug] [MainThread]: Spark adapter: Setting thrift.transport logging to ERROR
[0m08:53:18.429857 [debug] [MainThread]: Spark adapter: Setting thrift.protocol logging to ERROR
[0m08:53:18.937416 [info ] [MainThread]: Using profiles dir at /Users/dannieai/.dbt
[0m08:53:18.937626 [info ] [MainThread]: Using profiles.yml file at /Users/dannieai/.dbt/profiles.yml
[0m08:53:18.937738 [info ] [MainThread]: Using dbt_project.yml file at /Users/dannieai/Documents/dev/dbt_project.yml
[0m08:53:18.937836 [info ] [MainThread]: adapter type: databricks
[0m08:53:18.937925 [info ] [MainThread]: adapter version: 1.11.6
[0m08:53:18.938029 [info ] [MainThread]: Configuration:
[0m08:53:18.938118 [info ] [MainThread]:   profiles.yml file [[32mOK found and valid[0m]
[0m08:53:18.938204 [info ] [MainThread]:   dbt_project.yml file [[31mERROR not found[0m]
[0m08:53:18.938287 [info ] [MainThread]: Required dependencies:
[0m08:53:18.938401 [debug] [MainThread]: Executing "git --help"
[0m08:53:18.965989 [debug] [MainThread]: STDOUT: "b"usage: git [-v | --version] [-h | --help] [-C <path>] [-c <name>=<value>]\n           [--exec-path[=<path>]] [--html-path] [--man-path] [--info-path]\n           [-p | --paginate | -P | --no-pager] [--no-replace-objects] [--no-lazy-fetch]\n           [--no-optional-locks] [--no-advice] [--bare] [--git-dir=<path>]\n           [--work-tree=<path>] [--namespace=<name>] [--config-env=<name>=<envvar>]\n           <command> [<args>]\n\nThese are common Git commands used in various situations:\n\nstart a working area (see also: git help tutorial)\n   clone      Clone a repository into a new directory\n   init       Create an empty Git repository or reinitialize an existing one\n\nwork on the current change (see also: git help everyday)\n   add        Add file contents to the index\n   mv         Move or rename a file, a directory, or a symlink\n   restore    Restore working tree files\n   rm         Remove files from the working tree and from the index\n\nexamine the history and state (see also: git help revisions)\n   bisect     Use binary search to find the commit that introduced a bug\n   diff       Show changes between commits, commit and working tree, etc\n   grep       Print lines matching a pattern\n   log        Show commit logs\n   show       Show various types of objects\n   status     Show the working tree status\n\ngrow, mark and tweak your common history\n   backfill   Download missing objects in a partial clone\n   branch     List, create, or delete branches\n   commit     Record changes to the repository\n   merge      Join two or more development histories together\n   rebase     Reapply commits on top of another base tip\n   reset      Reset current HEAD to the specified state\n   switch     Switch branches\n   tag        Create, list, delete or verify a tag object signed with GPG\n\ncollaborate (see also: git help workflows)\n   fetch      Download objects and refs from another repository\n   pull       Fetch from and integrate with another repository or a local branch\n   push       Update remote refs along with associated objects\n\n'git help -a' and 'git help -g' list available subcommands and some\nconcept guides. See 'git help <command>' or 'git help <concept>'\nto read about a specific subcommand or concept.\nSee 'git help git' for an overview of the system.\n""
[0m08:53:18.966376 [debug] [MainThread]: STDERR: "b''"
[0m08:53:18.966497 [info ] [MainThread]:  - git [[32mOK found[0m]

[0m08:53:18.966613 [info ] [MainThread]: Connection:
[0m08:53:18.966763 [info ] [MainThread]:   host: dbc-9771f9f2-a487.cloud.databricks.com
[0m08:53:18.966855 [info ] [MainThread]:   http_path: /sql/1.0/warehouses/b073d4fba4461d01
[0m08:53:18.966944 [info ] [MainThread]:   catalog: dev_cicd
[0m08:53:18.967027 [info ] [MainThread]:   schema: default
[0m08:53:18.967294 [info ] [MainThread]: Registered adapter: databricks=1.11.6
[0m08:53:19.029255 [warn ] [MainThread]: [[33mWARNING[0m]: Use managed Iceberg tables when table_format is iceberg. When this flag is disabled, UniForm is used instead.
You may opt into the new behavior sooner by setting `flags.use_managed_iceberg` to `True` in `dbt_project.yml`.
Visit https://docs.getdbt.com/reference/global-configs/behavior-changes for more information.
[0m08:53:19.029598 [debug] [MainThread]: Sending event: {'category': 'dbt', 'action': 'BehaviorChangeEvent', 'label': 'aa6d0d8c-ab4f-4d85-a940-c02a3e1bfdab', 'context': [<snowplow_tracker.self_describing_json.SelfDescribingJson object at 0x1135abb60>]}
[0m08:53:19.029905 [debug] [MainThread]: Databricks adapter: DatabricksDBTConnection(session-id=None, name=debug) - Creating connection
[0m08:53:19.030016 [debug] [MainThread]: Acquiring new databricks connection 'debug'
[0m08:53:19.030115 [debug] [MainThread]: Using databricks connection "debug"
[0m08:53:19.030205 [debug] [MainThread]: On debug: select 1 as id
[0m08:53:19.030282 [debug] [MainThread]: Opening a new connection, currently in state init
[0m08:53:20.105122 [debug] [MainThread]: Databricks adapter: Connection(session-id=01f12c37-6dbe-1a1c-8ac2-6737e36cd6f5) - Created
[0m08:53:20.770781 [debug] [MainThread]: SQL status: OK in 1.740 seconds
[0m08:53:20.772856 [debug] [MainThread]: Databricks adapter: Cursor(session-id=01f12c37-6dbe-1a1c-8ac2-6737e36cd6f5, command-id=01f12c37-6dee-1e46-b89a-30229d990473) - Closing
[0m08:53:20.773468 [debug] [MainThread]: On debug: Close
[0m08:53:20.773808 [debug] [MainThread]: Databricks adapter: Connection(session-id=01f12c37-6dbe-1a1c-8ac2-6737e36cd6f5) - Closing
[0m08:53:21.147602 [info ] [MainThread]:   Connection test: [[32mOK connection ok[0m]

[0m08:53:21.148454 [info ] [MainThread]: [31m1 check failed:[0m
[0m08:53:21.148848 [info ] [MainThread]: Project loading failed for the following reason:
 project path </Users/dannieai/Documents/dev/dbt_project.yml> not found

[0m08:53:21.149813 [debug] [MainThread]: Resource report: {"command_name": "debug", "command_success": false, "command_wall_clock_time": 3.0964072, "process_in_blocks": "0", "process_kernel_time": 0.241778, "process_mem_max_rss": "231211008", "process_out_blocks": "0", "process_user_time": 0.991118}
[0m08:53:21.150424 [debug] [MainThread]: Command `dbt debug` failed at 08:53:21.150301 after 3.10 seconds
[0m08:53:21.150972 [debug] [MainThread]: Sending event: {'category': 'dbt', 'action': 'invocation', 'label': 'end', 'context': [<snowplow_tracker.self_describing_json.SelfDescribingJson object at 0x11322e300>, <snowplow_tracker.self_describing_json.SelfDescribingJson object at 0x10b78d5e0>, <snowplow_tracker.self_describing_json.SelfDescribingJson object at 0x10b11ad20>]}
[0m08:53:21.151375 [debug] [MainThread]: Flushing usage events
[0m08:53:25.711556 [debug] [MainThread]: An error was encountered while trying to flush usage events
